Archive member included because of file (symbol)

c:/winavr-20100110/bin/../lib/gcc/avr/4.3.3/avr5\libgcc.a(_exit.o)
                              c:/winavr-20100110/bin/../lib/gcc/avr/4.3.3/../../../../avr/lib/avr5/crtm328p.o (exit)
c:/winavr-20100110/bin/../lib/gcc/avr/4.3.3/avr5\libgcc.a(_copy_data.o)
                              ./board.o (__do_copy_data)
c:/winavr-20100110/bin/../lib/gcc/avr/4.3.3/avr5\libgcc.a(_clear_bss.o)
                              ./ioeasy.o (__do_clear_bss)
c:/winavr-20100110/bin/../lib/gcc/avr/4.3.3/../../../../avr/lib/avr5\libc.a(strncmp.o)
                              ./ioeasy.o (strncmp)
c:/winavr-20100110/bin/../lib/gcc/avr/4.3.3/../../../../avr/lib/avr5\libc.a(fprintf.o)
                              ./board.o (fprintf)
c:/winavr-20100110/bin/../lib/gcc/avr/4.3.3/../../../../avr/lib/avr5\libc.a(vfprintf_std.o)
                              c:/winavr-20100110/bin/../lib/gcc/avr/4.3.3/../../../../avr/lib/avr5\libc.a(fprintf.o) (vfprintf)
c:/winavr-20100110/bin/../lib/gcc/avr/4.3.3/../../../../avr/lib/avr5\libc.a(eewr_byte_atmega328p.o)
                              ./ioeasy.o (__eewr_byte_m328p)
c:/winavr-20100110/bin/../lib/gcc/avr/4.3.3/../../../../avr/lib/avr5\libc.a(strnlen_P.o)
                              c:/winavr-20100110/bin/../lib/gcc/avr/4.3.3/../../../../avr/lib/avr5\libc.a(vfprintf_std.o) (strnlen_P)
c:/winavr-20100110/bin/../lib/gcc/avr/4.3.3/../../../../avr/lib/avr5\libc.a(strnlen.o)
                              c:/winavr-20100110/bin/../lib/gcc/avr/4.3.3/../../../../avr/lib/avr5\libc.a(vfprintf_std.o) (strnlen)
c:/winavr-20100110/bin/../lib/gcc/avr/4.3.3/../../../../avr/lib/avr5\libc.a(fputc.o)
                              c:/winavr-20100110/bin/../lib/gcc/avr/4.3.3/../../../../avr/lib/avr5\libc.a(vfprintf_std.o) (fputc)
c:/winavr-20100110/bin/../lib/gcc/avr/4.3.3/../../../../avr/lib/avr5\libc.a(ultoa_invert.o)
                              c:/winavr-20100110/bin/../lib/gcc/avr/4.3.3/../../../../avr/lib/avr5\libc.a(vfprintf_std.o) (__ultoa_invert)
c:/winavr-20100110/bin/../lib/gcc/avr/4.3.3/avr5\libgcc.a(_prologue.o)
                              c:/winavr-20100110/bin/../lib/gcc/avr/4.3.3/../../../../avr/lib/avr5\libc.a(fprintf.o) (__prologue_saves__)
c:/winavr-20100110/bin/../lib/gcc/avr/4.3.3/avr5\libgcc.a(_epilogue.o)
                              c:/winavr-20100110/bin/../lib/gcc/avr/4.3.3/../../../../avr/lib/avr5\libc.a(fprintf.o) (__epilogue_restores__)

Allocating common symbols
Common symbol       size              file

mG                  0x16d             ./main.o
time                0x2               ./main.o

Memory Configuration

Name             Origin             Length             Attributes
text             0x00000000         0x00020000         xr
data             0x00800060         0x0000ffa0         rw !x
eeprom           0x00810000         0x00010000         rw !x
fuse             0x00820000         0x00000400         rw !x
lock             0x00830000         0x00000400         rw !x
signature        0x00840000         0x00000400         rw !x
*default*        0x00000000         0xffffffff

Linker script and memory map

Address of section .data set to 0x800100
LOAD c:/winavr-20100110/bin/../lib/gcc/avr/4.3.3/../../../../avr/lib/avr5/crtm328p.o
LOAD ./board.o
LOAD ./ioeasy.o
LOAD ./main.o
LOAD ./uart.o
LOAD c:/winavr-20100110/bin/../lib/gcc/avr/4.3.3/avr5\libgcc.a
LOAD c:/winavr-20100110/bin/../lib/gcc/avr/4.3.3/../../../../avr/lib/avr5\libc.a
LOAD c:/winavr-20100110/bin/../lib/gcc/avr/4.3.3/avr5\libgcc.a

.hash
 *(.hash)

.dynsym
 *(.dynsym)

.dynstr
 *(.dynstr)

.gnu.version
 *(.gnu.version)

.gnu.version_d
 *(.gnu.version_d)

.gnu.version_r
 *(.gnu.version_r)

.rel.init
 *(.rel.init)

.rela.init
 *(.rela.init)

.rel.text
 *(.rel.text)
 *(.rel.text.*)
 *(.rel.gnu.linkonce.t*)

.rela.text
 *(.rela.text)
 *(.rela.text.*)
 *(.rela.gnu.linkonce.t*)

.rel.fini
 *(.rel.fini)

.rela.fini
 *(.rela.fini)

.rel.rodata
 *(.rel.rodata)
 *(.rel.rodata.*)
 *(.rel.gnu.linkonce.r*)

.rela.rodata
 *(.rela.rodata)
 *(.rela.rodata.*)
 *(.rela.gnu.linkonce.r*)

.rel.data
 *(.rel.data)
 *(.rel.data.*)
 *(.rel.gnu.linkonce.d*)

.rela.data
 *(.rela.data)
 *(.rela.data.*)
 *(.rela.gnu.linkonce.d*)

.rel.ctors
 *(.rel.ctors)

.rela.ctors
 *(.rela.ctors)

.rel.dtors
 *(.rel.dtors)

.rela.dtors
 *(.rela.dtors)

.rel.got
 *(.rel.got)

.rela.got
 *(.rela.got)

.rel.bss
 *(.rel.bss)

.rela.bss
 *(.rela.bss)

.rel.plt
 *(.rel.plt)

.rela.plt
 *(.rela.plt)

.text           0x00000000     0x16fe
 *(.vectors)
 .vectors       0x00000000       0x68 c:/winavr-20100110/bin/../lib/gcc/avr/4.3.3/../../../../avr/lib/avr5/crtm328p.o
                0x00000000                __vectors
                0x00000000                __vector_default
 *(.vectors)
 *(.progmem.gcc*)
 *(.progmem*)
                0x00000068                . = ALIGN (0x2)
                0x00000068                __trampolines_start = .
 *(.trampolines)
 .trampolines   0x00000068        0x0 linker stubs
 *(.trampolines*)
                0x00000068                __trampolines_end = .
 *(.jumptables)
 *(.jumptables*)
 *(.lowtext)
 *(.lowtext*)
                0x00000068                __ctors_start = .
 *(.ctors)
                0x00000068                __ctors_end = .
                0x00000068                __dtors_start = .
 *(.dtors)
                0x00000068                __dtors_end = .
 SORT(*)(.ctors)
 SORT(*)(.dtors)
 *(.init0)
 .init0         0x00000068        0x0 c:/winavr-20100110/bin/../lib/gcc/avr/4.3.3/../../../../avr/lib/avr5/crtm328p.o
                0x00000068                __init
 *(.init0)
 *(.init1)
 *(.init1)
 *(.init2)
 .init2         0x00000068        0xc c:/winavr-20100110/bin/../lib/gcc/avr/4.3.3/../../../../avr/lib/avr5/crtm328p.o
 *(.init2)
 *(.init3)
 *(.init3)
 *(.init4)
 .init4         0x00000074       0x16 c:/winavr-20100110/bin/../lib/gcc/avr/4.3.3/avr5\libgcc.a(_copy_data.o)
                0x00000074                __do_copy_data
 .init4         0x0000008a       0x10 c:/winavr-20100110/bin/../lib/gcc/avr/4.3.3/avr5\libgcc.a(_clear_bss.o)
                0x0000008a                __do_clear_bss
 *(.init4)
 *(.init5)
 *(.init5)
 *(.init6)
 *(.init6)
 *(.init7)
 *(.init7)
 *(.init8)
 *(.init8)
 *(.init9)
 .init9         0x0000009a        0x8 c:/winavr-20100110/bin/../lib/gcc/avr/4.3.3/../../../../avr/lib/avr5/crtm328p.o
 *(.init9)
 *(.text)
 .text          0x000000a2        0x4 c:/winavr-20100110/bin/../lib/gcc/avr/4.3.3/../../../../avr/lib/avr5/crtm328p.o
                0x000000a2                __vector_22
                0x000000a2                __vector_1
                0x000000a2                __vector_24
                0x000000a2                __vector_12
                0x000000a2                __bad_interrupt
                0x000000a2                __vector_6
                0x000000a2                __vector_3
                0x000000a2                __vector_23
                0x000000a2                __vector_25
                0x000000a2                __vector_11
                0x000000a2                __vector_13
                0x000000a2                __vector_17
                0x000000a2                __vector_19
                0x000000a2                __vector_7
                0x000000a2                __vector_5
                0x000000a2                __vector_4
                0x000000a2                __vector_9
                0x000000a2                __vector_2
                0x000000a2                __vector_21
                0x000000a2                __vector_15
                0x000000a2                __vector_8
                0x000000a2                __vector_14
                0x000000a2                __vector_10
                0x000000a2                __vector_20
 .text          0x000000a6        0x0 ./board.o
 .text          0x000000a6        0x0 ./ioeasy.o
 .text          0x000000a6        0x0 ./main.o
 .text          0x000000a6        0x0 ./uart.o
 .text          0x000000a6        0x0 c:/winavr-20100110/bin/../lib/gcc/avr/4.3.3/avr5\libgcc.a(_exit.o)
 .text          0x000000a6        0x0 c:/winavr-20100110/bin/../lib/gcc/avr/4.3.3/avr5\libgcc.a(_copy_data.o)
 .text          0x000000a6        0x0 c:/winavr-20100110/bin/../lib/gcc/avr/4.3.3/avr5\libgcc.a(_clear_bss.o)
 .text          0x000000a6        0x0 c:/winavr-20100110/bin/../lib/gcc/avr/4.3.3/../../../../avr/lib/avr5\libc.a(strncmp.o)
 .text          0x000000a6        0x0 c:/winavr-20100110/bin/../lib/gcc/avr/4.3.3/../../../../avr/lib/avr5\libc.a(fprintf.o)
 .text          0x000000a6        0x0 c:/winavr-20100110/bin/../lib/gcc/avr/4.3.3/../../../../avr/lib/avr5\libc.a(vfprintf_std.o)
 .text          0x000000a6        0x0 c:/winavr-20100110/bin/../lib/gcc/avr/4.3.3/../../../../avr/lib/avr5\libc.a(eewr_byte_atmega328p.o)
 .text          0x000000a6        0x0 c:/winavr-20100110/bin/../lib/gcc/avr/4.3.3/../../../../avr/lib/avr5\libc.a(strnlen_P.o)
 .text          0x000000a6        0x0 c:/winavr-20100110/bin/../lib/gcc/avr/4.3.3/../../../../avr/lib/avr5\libc.a(strnlen.o)
 .text          0x000000a6        0x0 c:/winavr-20100110/bin/../lib/gcc/avr/4.3.3/../../../../avr/lib/avr5\libc.a(fputc.o)
 .text          0x000000a6        0x0 c:/winavr-20100110/bin/../lib/gcc/avr/4.3.3/../../../../avr/lib/avr5\libc.a(ultoa_invert.o)
 .text          0x000000a6        0x0 c:/winavr-20100110/bin/../lib/gcc/avr/4.3.3/avr5\libgcc.a(_prologue.o)
 .text          0x000000a6        0x0 c:/winavr-20100110/bin/../lib/gcc/avr/4.3.3/avr5\libgcc.a(_epilogue.o)
                0x000000a6                . = ALIGN (0x2)
 *(.text.*)
 .text.gpioInit
                0x000000a6       0x2c ./board.o
                0x000000a6                gpioInit
 .text.deviceInit
                0x000000d2       0x14 ./board.o
                0x000000d2                deviceInit
 .text.cbResetDev
                0x000000e6        0x6 ./board.o
                0x000000e6                cbResetDev
 .text.cbSetIpDev
                0x000000ec        0x6 ./board.o
                0x000000ec                cbSetIpDev
 .text.cbDelDev
                0x000000f2        0x6 ./board.o
                0x000000f2                cbDelDev
 .text.relayControl_ON
                0x000000f8       0x44 ./board.o
                0x000000f8                relayControl_ON
 .text.relayControl_OFF
                0x0000013c       0x44 ./board.o
                0x0000013c                relayControl_OFF
 .text.cbControl
                0x00000180      0x306 ./board.o
                0x00000180                cbControl
 .text.cbInfoDev
                0x00000486       0xe2 ./board.o
                0x00000486                cbInfoDev
 .text.getInfo  0x00000568       0xc8 ./ioeasy.o
                0x00000568                getInfo
 .text.resetMac
                0x00000630       0x4c ./ioeasy.o
                0x00000630                resetMac
 .text.deleteIpdevice
                0x0000067c      0x10a ./ioeasy.o
                0x0000067c                deleteIpdevice
 .text.sendMacdevice
                0x00000786       0xc2 ./ioeasy.o
                0x00000786                sendMacdevice
 .text.setIPdevice
                0x00000848      0x14c ./ioeasy.o
                0x00000848                setIPdevice
 .text.sendInfodevice
                0x00000994       0x3e ./ioeasy.o
                0x00000994                sendInfodevice
 .text.cmdProcess
                0x000009d2       0x3c ./ioeasy.o
                0x000009d2                cmdProcess
 .text.checkSyn
                0x00000a0e      0x258 ./ioeasy.o
                0x00000a0e                checkSyn
 .text.__vector_16
                0x00000c66       0x6c ./main.o
                0x00000c66                __vector_16
 .text.__vector_18
                0x00000cd2       0x70 ./main.o
                0x00000cd2                __vector_18
 .text.main     0x00000d42      0x3ca ./main.o
                0x00000d42                main
 .text.uartInit
                0x0000110c       0x16 ./uart.o
                0x0000110c                uartInit
 .text.sendByte
                0x00001122       0x10 ./uart.o
                0x00001122                sendByte
 .text.libgcc   0x00001132        0x0 c:/winavr-20100110/bin/../lib/gcc/avr/4.3.3/avr5\libgcc.a(_exit.o)
 .text.libgcc   0x00001132        0x0 c:/winavr-20100110/bin/../lib/gcc/avr/4.3.3/avr5\libgcc.a(_copy_data.o)
 .text.libgcc   0x00001132        0x0 c:/winavr-20100110/bin/../lib/gcc/avr/4.3.3/avr5\libgcc.a(_clear_bss.o)
 .text.avr-libc
                0x00001132       0x1c c:/winavr-20100110/bin/../lib/gcc/avr/4.3.3/../../../../avr/lib/avr5\libc.a(strncmp.o)
                0x00001132                strncmp
 .text.avr-libc
                0x0000114e       0x28 c:/winavr-20100110/bin/../lib/gcc/avr/4.3.3/../../../../avr/lib/avr5\libc.a(fprintf.o)
                0x0000114e                fprintf
 .text.avr-libc
                0x00001176      0x3ba c:/winavr-20100110/bin/../lib/gcc/avr/4.3.3/../../../../avr/lib/avr5\libc.a(vfprintf_std.o)
                0x00001176                vfprintf
 .text.avr-libc
                0x00001530       0x1c c:/winavr-20100110/bin/../lib/gcc/avr/4.3.3/../../../../avr/lib/avr5\libc.a(eewr_byte_atmega328p.o)
                0x00001530                __eewr_byte_m328p
                0x00001532                __eewr_r18_m328p
 .text.avr-libc
                0x0000154c       0x16 c:/winavr-20100110/bin/../lib/gcc/avr/4.3.3/../../../../avr/lib/avr5\libc.a(strnlen_P.o)
                0x0000154c                strnlen_P
 .text.avr-libc
                0x00001562       0x16 c:/winavr-20100110/bin/../lib/gcc/avr/4.3.3/../../../../avr/lib/avr5\libc.a(strnlen.o)
                0x00001562                strnlen
 .text.avr-libc
                0x00001578       0x58 c:/winavr-20100110/bin/../lib/gcc/avr/4.3.3/../../../../avr/lib/avr5\libc.a(fputc.o)
                0x00001578                fputc
 .text.avr-libc
                0x000015d0       0xbc c:/winavr-20100110/bin/../lib/gcc/avr/4.3.3/../../../../avr/lib/avr5\libc.a(ultoa_invert.o)
                0x000015d0                __ultoa_invert
 .text.libgcc   0x0000168c       0x38 c:/winavr-20100110/bin/../lib/gcc/avr/4.3.3/avr5\libgcc.a(_prologue.o)
                0x0000168c                __prologue_saves__
 .text.libgcc   0x000016c4       0x36 c:/winavr-20100110/bin/../lib/gcc/avr/4.3.3/avr5\libgcc.a(_epilogue.o)
                0x000016c4                __epilogue_restores__
                0x000016fa                . = ALIGN (0x2)
 *(.fini9)
 .fini9         0x000016fa        0x0 c:/winavr-20100110/bin/../lib/gcc/avr/4.3.3/avr5\libgcc.a(_exit.o)
                0x000016fa                exit
                0x000016fa                _exit
 *(.fini9)
 *(.fini8)
 *(.fini8)
 *(.fini7)
 *(.fini7)
 *(.fini6)
 *(.fini6)
 *(.fini5)
 *(.fini5)
 *(.fini4)
 *(.fini4)
 *(.fini3)
 *(.fini3)
 *(.fini2)
 *(.fini2)
 *(.fini1)
 *(.fini1)
 *(.fini0)
 .fini0         0x000016fa        0x4 c:/winavr-20100110/bin/../lib/gcc/avr/4.3.3/avr5\libgcc.a(_exit.o)
 *(.fini0)
                0x000016fe                _etext = .

.data           0x00800100       0xec load address 0x000016fe
                0x00800100                PROVIDE (__data_start, .)
 *(.data)
 .data          0x00800100        0x0 c:/winavr-20100110/bin/../lib/gcc/avr/4.3.3/../../../../avr/lib/avr5/crtm328p.o
 .data          0x00800100        0xa ./board.o
 .data          0x0080010a       0x14 ./ioeasy.o
 .data          0x0080011e        0x0 ./main.o
 .data          0x0080011e        0x0 ./uart.o
 .data          0x0080011e        0x0 c:/winavr-20100110/bin/../lib/gcc/avr/4.3.3/avr5\libgcc.a(_exit.o)
 .data          0x0080011e        0x0 c:/winavr-20100110/bin/../lib/gcc/avr/4.3.3/avr5\libgcc.a(_copy_data.o)
 .data          0x0080011e        0x0 c:/winavr-20100110/bin/../lib/gcc/avr/4.3.3/avr5\libgcc.a(_clear_bss.o)
 .data          0x0080011e        0x0 c:/winavr-20100110/bin/../lib/gcc/avr/4.3.3/../../../../avr/lib/avr5\libc.a(strncmp.o)
 .data          0x0080011e        0x0 c:/winavr-20100110/bin/../lib/gcc/avr/4.3.3/../../../../avr/lib/avr5\libc.a(fprintf.o)
 .data          0x0080011e        0x0 c:/winavr-20100110/bin/../lib/gcc/avr/4.3.3/../../../../avr/lib/avr5\libc.a(vfprintf_std.o)
 .data          0x0080011e        0x0 c:/winavr-20100110/bin/../lib/gcc/avr/4.3.3/../../../../avr/lib/avr5\libc.a(eewr_byte_atmega328p.o)
 .data          0x0080011e        0x0 c:/winavr-20100110/bin/../lib/gcc/avr/4.3.3/../../../../avr/lib/avr5\libc.a(strnlen_P.o)
 .data          0x0080011e        0x0 c:/winavr-20100110/bin/../lib/gcc/avr/4.3.3/../../../../avr/lib/avr5\libc.a(strnlen.o)
 .data          0x0080011e        0x0 c:/winavr-20100110/bin/../lib/gcc/avr/4.3.3/../../../../avr/lib/avr5\libc.a(fputc.o)
 .data          0x0080011e        0x0 c:/winavr-20100110/bin/../lib/gcc/avr/4.3.3/../../../../avr/lib/avr5\libc.a(ultoa_invert.o)
 .data          0x0080011e        0x0 c:/winavr-20100110/bin/../lib/gcc/avr/4.3.3/avr5\libgcc.a(_prologue.o)
 .data          0x0080011e        0x0 c:/winavr-20100110/bin/../lib/gcc/avr/4.3.3/avr5\libgcc.a(_epilogue.o)
 *(.data*)
 .data.uart_    0x0080011e        0xe ./board.o
 .data.uart_    0x0080012c        0xe ./ioeasy.o
 .data.str      0x0080013a        0x2 ./main.o
                0x0080013a                str
 *(.rodata)
 *(.rodata*)
 .rodata.macDefault
                0x0080013c       0xa0 ./ioeasy.o
                0x0080013c                macDefault
 .rodata.deviceType
                0x008001dc        0x8 ./ioeasy.o
                0x008001dc                deviceType
 .rodata.ipDefault
                0x008001e4        0x8 ./ioeasy.o
                0x008001e4                ipDefault
 *(.gnu.linkonce.d*)
                0x008001ec                . = ALIGN (0x2)
                0x008001ec                _edata = .
                0x008001ec                PROVIDE (__data_end, .)

.bss            0x008001ec      0x195
                0x008001ec                PROVIDE (__bss_start, .)
 *(.bss)
 .bss           0x008001ec        0x0 c:/winavr-20100110/bin/../lib/gcc/avr/4.3.3/../../../../avr/lib/avr5/crtm328p.o
 .bss           0x008001ec        0x0 ./board.o
 .bss           0x008001ec        0x0 ./ioeasy.o
 .bss           0x008001ec        0x0 ./main.o
 .bss           0x008001ec        0x0 ./uart.o
 .bss           0x008001ec        0x0 c:/winavr-20100110/bin/../lib/gcc/avr/4.3.3/avr5\libgcc.a(_exit.o)
 .bss           0x008001ec        0x0 c:/winavr-20100110/bin/../lib/gcc/avr/4.3.3/avr5\libgcc.a(_copy_data.o)
 .bss           0x008001ec        0x0 c:/winavr-20100110/bin/../lib/gcc/avr/4.3.3/avr5\libgcc.a(_clear_bss.o)
 .bss           0x008001ec        0x0 c:/winavr-20100110/bin/../lib/gcc/avr/4.3.3/../../../../avr/lib/avr5\libc.a(strncmp.o)
 .bss           0x008001ec        0x0 c:/winavr-20100110/bin/../lib/gcc/avr/4.3.3/../../../../avr/lib/avr5\libc.a(fprintf.o)
 .bss           0x008001ec        0x0 c:/winavr-20100110/bin/../lib/gcc/avr/4.3.3/../../../../avr/lib/avr5\libc.a(vfprintf_std.o)
 .bss           0x008001ec        0x0 c:/winavr-20100110/bin/../lib/gcc/avr/4.3.3/../../../../avr/lib/avr5\libc.a(eewr_byte_atmega328p.o)
 .bss           0x008001ec        0x0 c:/winavr-20100110/bin/../lib/gcc/avr/4.3.3/../../../../avr/lib/avr5\libc.a(strnlen_P.o)
 .bss           0x008001ec        0x0 c:/winavr-20100110/bin/../lib/gcc/avr/4.3.3/../../../../avr/lib/avr5\libc.a(strnlen.o)
 .bss           0x008001ec        0x0 c:/winavr-20100110/bin/../lib/gcc/avr/4.3.3/../../../../avr/lib/avr5\libc.a(fputc.o)
 .bss           0x008001ec        0x0 c:/winavr-20100110/bin/../lib/gcc/avr/4.3.3/../../../../avr/lib/avr5\libc.a(ultoa_invert.o)
 .bss           0x008001ec        0x0 c:/winavr-20100110/bin/../lib/gcc/avr/4.3.3/avr5\libgcc.a(_prologue.o)
 .bss           0x008001ec        0x0 c:/winavr-20100110/bin/../lib/gcc/avr/4.3.3/avr5\libgcc.a(_epilogue.o)
 *(.bss*)
 .bss._tmp.1708
                0x008001ec        0x8 ./ioeasy.o
 .bss.i.1706    0x008001f4        0x1 ./ioeasy.o
 .bss.ct.1705   0x008001f5        0x1 ./ioeasy.o
 .bss.time_tick
                0x008001f6        0x2 ./main.o
                0x008001f6                time_tick
 .bss.timeout   0x008001f8        0x1 ./main.o
                0x008001f8                timeout
 .bss.fTimeout  0x008001f9        0x1 ./main.o
                0x008001f9                fTimeout
 .bss.ledBlink  0x008001fa        0x1 ./main.o
                0x008001fa                ledBlink
 .bss.current_time.1563
                0x008001fb        0x2 ./main.o
 .bss.current_time.1559
                0x008001fd        0x2 ./main.o
 .bss.ct.1555   0x008001ff        0x2 ./main.o
 .bss.staBut.1554
                0x00800201        0x1 ./main.o
 .bss.current_time.1605
                0x00800202        0x2 ./main.o
 .bss.current_time.1603
                0x00800204        0x2 ./main.o
 .bss.current_time.1601
                0x00800206        0x2 ./main.o
 .bss.current_time.1599
                0x00800208        0x2 ./main.o
 .bss.current_time.1597
                0x0080020a        0x2 ./main.o
 .bss.resetMacAdd
                0x0080020c        0x2 ./main.o
 .bss.blinkLed  0x0080020e        0x2 ./main.o
 .bss.dataProcess
                0x00800210        0x2 ./main.o
 *(COMMON)
 COMMON         0x00800212      0x16f ./main.o
                0x00800212                mG
                0x0080037f                time
                0x00800381                PROVIDE (__bss_end, .)
                0x000016fe                __data_load_start = LOADADDR (.data)
                0x000017ea                __data_load_end = (__data_load_start + SIZEOF (.data))

.noinit         0x00800381        0x0
                0x00800381                PROVIDE (__noinit_start, .)
 *(.noinit*)
                0x00800381                PROVIDE (__noinit_end, .)
                0x00800381                _end = .
                0x00800381                PROVIDE (__heap_start, .)

.eeprom         0x00810000        0x0
 *(.eeprom*)
                0x00810000                __eeprom_end = .

.fuse
 *(.fuse)
 *(.lfuse)
 *(.hfuse)
 *(.efuse)

.lock
 *(.lock*)

.signature
 *(.signature*)

.stab
 *(.stab)

.stabstr
 *(.stabstr)

.stab.excl
 *(.stab.excl)

.stab.exclstr
 *(.stab.exclstr)

.stab.index
 *(.stab.index)

.stab.indexstr
 *(.stab.indexstr)

.comment
 *(.comment)

.debug
 *(.debug)

.line
 *(.line)

.debug_srcinfo
 *(.debug_srcinfo)

.debug_sfnames
 *(.debug_sfnames)

.debug_aranges  0x00000000      0x110
 *(.debug_aranges)
 .debug_aranges
                0x00000000       0x60 ./board.o
 .debug_aranges
                0x00000060       0x58 ./ioeasy.o
 .debug_aranges
                0x000000b8       0x30 ./main.o
 .debug_aranges
                0x000000e8       0x28 ./uart.o

.debug_pubnames
                0x00000000      0x194
 *(.debug_pubnames)
 .debug_pubnames
                0x00000000       0x9e ./board.o
 .debug_pubnames
                0x0000009e       0x8f ./ioeasy.o
 .debug_pubnames
                0x0000012d       0x3b ./main.o
 .debug_pubnames
                0x00000168       0x2c ./uart.o

.debug_info     0x00000000      0x283
 *(.debug_info)
 .debug_info    0x00000000       0xe1 ./board.o
 .debug_info    0x000000e1       0xcf ./ioeasy.o
 .debug_info    0x000001b0       0x87 ./main.o
 .debug_info    0x00000237       0x4c ./uart.o
 *(.gnu.linkonce.wi.*)

.debug_abbrev   0x00000000       0xd6
 *(.debug_abbrev)
 .debug_abbrev  0x00000000       0x34 ./board.o
 .debug_abbrev  0x00000034       0x47 ./ioeasy.o
 .debug_abbrev  0x0000007b       0x34 ./main.o
 .debug_abbrev  0x000000af       0x27 ./uart.o

.debug_line     0x00000000      0x219
 *(.debug_line)
 .debug_line    0x00000000       0x9a ./board.o
 .debug_line    0x0000009a       0x9b ./ioeasy.o
 .debug_line    0x00000135       0x99 ./main.o
 .debug_line    0x000001ce       0x4b ./uart.o

.debug_frame    0x00000000      0x1a0
 *(.debug_frame)
 .debug_frame   0x00000000       0xa0 ./board.o
 .debug_frame   0x000000a0       0x90 ./ioeasy.o
 .debug_frame   0x00000130       0x40 ./main.o
 .debug_frame   0x00000170       0x30 ./uart.o

.debug_str      0x00000000      0x18d
 *(.debug_str)
 .debug_str     0x00000000       0xbe ./board.o
 .debug_str     0x000000be       0x69 ./ioeasy.o
                                 0xb4 (size before relaxing)
 .debug_str     0x00000127       0x4a ./main.o
                                 0x95 (size before relaxing)
 .debug_str     0x00000171       0x1c ./uart.o
                                 0x4f (size before relaxing)

.debug_loc
 *(.debug_loc)

.debug_macinfo
 *(.debug_macinfo)
OUTPUT(may_giat_bak.elf elf32-avr)
LOAD linker stubs

.debug_ranges   0x00000000       0xf0
 .debug_ranges  0x00000000       0x58 ./board.o
 .debug_ranges  0x00000058       0x50 ./ioeasy.o
 .debug_ranges  0x000000a8       0x28 ./main.o
 .debug_ranges  0x000000d0       0x20 ./uart.o
